Send Mode	Message Size [Bytes]	Throughput [Mbit/s]	Latency [ms]
MPI_Send	1	45.936132	0.000174
MPI_Send	2	94.798400	0.000169
MPI_Send	4	197.226199	0.000162
MPI_Send	8	399.866428	0.000160
MPI_Send	16	796.006548	0.000161
MPI_Send	32	1271.852394	0.000201
MPI_Send	64	2634.102216	0.000194
MPI_Send	128	2986.518733	0.000343
MPI_Send	256	6417.972406	0.000319
MPI_Send	512	10558.481674	0.000388
MPI_Send	1024	15336.591971	0.000534
MPI_Send	2048	22228.284559	0.000737
MPI_Send	4096	28371.826571	0.001155
MPI_Send	8192	36767.112140	0.001782
MPI_Send	16384	47302.835977	0.002771
MPI_Send	32768	58883.542121	0.004452
MPI_Send	65536	69284.935348	0.007567
MPI_Send	131072	76912.578620	0.013633
MPI_Send	262144	84995.041984	0.024674
MPI_Send	524288	90311.300479	0.046443
MPI_Send	1048576	93887.690386	0.089347
MPI_Send	2097152	98209.738009	0.170830
MPI_Send	4194304	101319.046228	0.331176
MPI_Send	8388608	103471.408015	0.648574
MPI_Send	16777216	72772.119056	1.844356
MPI_Send	33554432	56353.853293	4.763391
MPI_Ssend	1	23.783395	0.000336
MPI_Ssend	2	52.218623	0.000306
MPI_Ssend	4	105.143262	0.000304
MPI_Ssend	8	210.275826	0.000304
MPI_Ssend	16	421.269978	0.000304
MPI_Ssend	32	841.318697	0.000304
MPI_Ssend	64	1606.577881	0.000319
MPI_Ssend	128	3150.420610	0.000325
MPI_Ssend	256	5936.567094	0.000345
MPI_Ssend	512	10047.986590	0.000408
MPI_Ssend	1024	15787.072038	0.000519
MPI_Ssend	2048	23534.808099	0.000696
MPI_Ssend	4096	30479.778581	0.001075
MPI_Ssend	8192	36653.059537	0.001788
MPI_Ssend	16384	32874.250168	0.003987
MPI_Ssend	32768	41892.303858	0.006258
MPI_Ssend	65536	60113.576032	0.008722
MPI_Ssend	131072	74667.904273	0.014043
MPI_Ssend	262144	85373.831162	0.024564
MPI_Ssend	524288	90780.079779	0.046203
MPI_Ssend	1048576	95327.012318	0.087998
MPI_Ssend	2097152	100216.932785	0.167409
MPI_Ssend	4194304	102414.844965	0.327633
MPI_Ssend	8388608	103869.441817	0.646089
MPI_Ssend	16777216	73634.767201	1.822749
MPI_Ssend	33554432	56414.300070	4.758287
