Send Mode	Message Size [Bytes]	Throughput [Mbit/s]	Latency [ms]
MPI_Send	1	16.248945	0.000492
MPI_Send	2	40.085397	0.000399
MPI_Send	4	80.802475	0.000396
MPI_Send	8	152.566208	0.000419
MPI_Send	16	283.447392	0.000452
MPI_Send	32	571.661852	0.000448
MPI_Send	64	1131.054725	0.000453
MPI_Send	128	2090.631335	0.000490
MPI_Send	256	3713.511976	0.000551
MPI_Send	512	6586.674185	0.000622
MPI_Send	1024	10766.033958	0.000761
MPI_Send	2048	20797.757953	0.000788
MPI_Send	4096	27497.503276	0.001192
MPI_Send	8192	35199.830016	0.001862
MPI_Send	16384	40479.095905	0.003238
MPI_Send	32768	48780.092908	0.005374
MPI_Send	65536	78758.497405	0.006657
MPI_Send	131072	110687.532226	0.009473
MPI_Send	262144	124406.404137	0.016857
MPI_Send	524288	107952.637712	0.038853
MPI_Send	1048576	94988.086360	0.088312
MPI_Send	2097152	84960.821233	0.197470
MPI_Send	4194304	83430.525680	0.402184
MPI_Send	8388608	79834.259731	0.840602
MPI_Send	16777216	62657.273020	2.142093
MPI_Send	33554432	50789.421226	5.285263
MPI_Ssend	1	12.515071	0.000639
MPI_Ssend	2	26.054584	0.000614
MPI_Ssend	4	51.675560	0.000619
MPI_Ssend	8	104.059547	0.000615
MPI_Ssend	16	207.636972	0.000616
MPI_Ssend	32	412.361711	0.000621
MPI_Ssend	64	829.876809	0.000617
MPI_Ssend	128	1615.041435	0.000634
MPI_Ssend	256	3224.935562	0.000635
MPI_Ssend	512	6024.038288	0.000680
MPI_Ssend	1024	10165.252139	0.000806
MPI_Ssend	2048	17083.644356	0.000959
MPI_Ssend	4096	20524.538608	0.001597
MPI_Ssend	8192	29786.771215	0.002200
MPI_Ssend	16384	34613.594435	0.003787
MPI_Ssend	32768	43151.520534	0.006075
MPI_Ssend	65536	79623.117169	0.006585
MPI_Ssend	131072	104566.667535	0.010028
MPI_Ssend	262144	122597.798436	0.017106
MPI_Ssend	524288	107365.703320	0.039066
MPI_Ssend	1048576	95369.839098	0.087959
MPI_Ssend	2097152	82545.831330	0.203247
MPI_Ssend	4194304	81296.234448	0.412743
MPI_Ssend	8388608	77096.184339	0.870456
MPI_Ssend	16777216	61400.231627	2.185948
MPI_Ssend	33554432	51085.386263	5.254643
