Send Mode	Message Size [Bytes]	Throughput [Mbit/s]	Latency [ms]
MPI_Send	1	0.118120	0.067728
MPI_Send	2	0.215098	0.074385
MPI_Send	4	0.628552	0.050911
MPI_Send	8	1.792305	0.035708
MPI_Send	16	3.849685	0.033249
MPI_Send	32	7.102297	0.036045
MPI_Send	64	14.564629	0.035154
MPI_Send	128	29.853937	0.034300
MPI_Send	256	62.351136	0.032846
MPI_Send	512	125.210547	0.032713
MPI_Send	1024	221.678579	0.036954
MPI_Send	2048	422.803545	0.038751
MPI_Send	4096	835.016567	0.039242
MPI_Send	8192	1473.557760	0.044475
MPI_Send	16384	2454.352328	0.053404
MPI_Send	32768	3979.891674	0.065867
MPI_Send	65536	5618.086337	0.093321
MPI_Send	131072	6000.826638	0.174739
MPI_Send	262144	9231.857402	0.227165
MPI_Send	524288	12259.594103	0.342124
MPI_Send	1048576	14938.665050	0.561537
MPI_Send	2097152	17020.051411	0.985732
MPI_Send	4194304	17363.325566	1.932489
MPI_Send	8388608	18384.317713	3.650332
MPI_Send	16777216	14499.998842	9.256396
MPI_Send	33554432	15239.598920	17.614339
MPI_Ssend	1	0.222284	0.035990
MPI_Ssend	2	0.446350	0.035846
MPI_Ssend	4	1.032105	0.031005
MPI_Ssend	8	2.086100	0.030679
MPI_Ssend	16	4.181912	0.030608
MPI_Ssend	32	8.413405	0.030428
MPI_Ssend	64	14.870856	0.034430
MPI_Ssend	128	32.974484	0.031054
MPI_Ssend	256	65.337459	0.031345
MPI_Ssend	512	126.331386	0.032423
MPI_Ssend	1024	222.554871	0.036809
MPI_Ssend	2048	407.609595	0.040195
MPI_Ssend	4096	718.394676	0.045613
MPI_Ssend	8192	1432.309560	0.045755
MPI_Ssend	16384	2527.212442	0.051864
MPI_Ssend	32768	4439.481643	0.059048
MPI_Ssend	65536	6150.656318	0.085241
MPI_Ssend	131072	6184.979471	0.169536
MPI_Ssend	262144	8604.506800	0.243727
MPI_Ssend	524288	12142.570763	0.345421
MPI_Ssend	1048576	15400.334480	0.544703
MPI_Ssend	2097152	16599.699617	1.010694
MPI_Ssend	4194304	15144.642302	2.215598
MPI_Ssend	8388608	12876.491020	5.211735
MPI_Ssend	16777216	17943.804418	7.479892
MPI_Ssend	33554432	14062.202332	19.089148
